Analysis & Synthesis report for 111044014
Mon Oct 23 14:08:02 2017
Quartus II 64-Bit Version 13.1.0 Build 162 10/23/2013 SJ Web Edition


---------------------
; Table of Contents ;
---------------------
  1. Legal Notice
  2. Analysis & Synthesis Summary
  3. Analysis & Synthesis Settings
  4. Parallel Compilation
  5. Analysis & Synthesis Source Files Read
  6. Analysis & Synthesis Resource Usage Summary
  7. Analysis & Synthesis Resource Utilization by Entity
  8. General Register Statistics
  9. Multiplexer Restructuring Statistics (Restructuring Performed)
 10. Port Connectivity Checks: "FiveBitAdder:adder|FullAdder:a5"
 11. Port Connectivity Checks: "FiveBitAdder:adder"
 12. Elapsed Time Per Partition
 13. Analysis & Synthesis Messages



----------------
; Legal Notice ;
----------------
Copyright (C) 1991-2013 Altera Corporation
Your use of Altera Corporation's design tools, logic functions 
and other software and tools, and its AMPP partner logic 
functions, and any output files from any of the foregoing 
(including device programming or simulation files), and any 
associated documentation or information are expressly subject 
to the terms and conditions of the Altera Program License 
Subscription Agreement, Altera MegaCore Function License 
Agreement, or other applicable license agreement, including, 
without limitation, that your use is for the sole purpose of 
programming logic devices manufactured by Altera and sold by 
Altera or its authorized distributors.  Please refer to the 
applicable agreement for further details.



+---------------------------------------------------------------------------------+
; Analysis & Synthesis Summary                                                    ;
+------------------------------------+--------------------------------------------+
; Analysis & Synthesis Status        ; Successful - Mon Oct 23 14:08:02 2017      ;
; Quartus II 64-Bit Version          ; 13.1.0 Build 162 10/23/2013 SJ Web Edition ;
; Revision Name                      ; 111044014                                  ;
; Top-level Entity Name              ; project01                                  ;
; Family                             ; Cyclone III                                ;
; Total logic elements               ; 12                                         ;
;     Total combinational functions  ; 12                                         ;
;     Dedicated logic registers      ; 0                                          ;
; Total registers                    ; 0                                          ;
; Total pins                         ; 17                                         ;
; Total virtual pins                 ; 0                                          ;
; Total memory bits                  ; 0                                          ;
; Embedded Multiplier 9-bit elements ; 0                                          ;
; Total PLLs                         ; 0                                          ;
+------------------------------------+--------------------------------------------+


+----------------------------------------------------------------------------------------------------------------------+
; Analysis & Synthesis Settings                                                                                        ;
+----------------------------------------------------------------------------+--------------------+--------------------+
; Option                                                                     ; Setting            ; Default Value      ;
+----------------------------------------------------------------------------+--------------------+--------------------+
; Device                                                                     ; EP3C16F484C6       ;                    ;
; Top-level entity name                                                      ; project01          ; 111044014          ;
; Family name                                                                ; Cyclone III        ; Cyclone IV GX      ;
; Use smart compilation                                                      ; Off                ; Off                ;
; Enable parallel Assembler and TimeQuest Timing Analyzer during compilation ; On                 ; On                 ;
; Enable compact report table                                                ; Off                ; Off                ;
; Restructure Multiplexers                                                   ; Auto               ; Auto               ;
; Create Debugging Nodes for IP Cores                                        ; Off                ; Off                ;
; Preserve fewer node names                                                  ; On                 ; On                 ;
; Disable OpenCore Plus hardware evaluation                                  ; Off                ; Off                ;
; Verilog Version                                                            ; Verilog_2001       ; Verilog_2001       ;
; VHDL Version                                                               ; VHDL_1993          ; VHDL_1993          ;
; State Machine Processing                                                   ; Auto               ; Auto               ;
; Safe State Machine                                                         ; Off                ; Off                ;
; Extract Verilog State Machines                                             ; On                 ; On                 ;
; Extract VHDL State Machines                                                ; On                 ; On                 ;
; Ignore Verilog initial constructs                                          ; Off                ; Off                ;
; Iteration limit for constant Verilog loops                                 ; 5000               ; 5000               ;
; Iteration limit for non-constant Verilog loops                             ; 250                ; 250                ;
; Add Pass-Through Logic to Inferred RAMs                                    ; On                 ; On                 ;
; Infer RAMs from Raw Logic                                                  ; On                 ; On                 ;
; Parallel Synthesis                                                         ; On                 ; On                 ;
; DSP Block Balancing                                                        ; Auto               ; Auto               ;
; NOT Gate Push-Back                                                         ; On                 ; On                 ;
; Power-Up Don't Care                                                        ; On                 ; On                 ;
; Remove Redundant Logic Cells                                               ; Off                ; Off                ;
; Remove Duplicate Registers                                                 ; On                 ; On                 ;
; Ignore CARRY Buffers                                                       ; Off                ; Off                ;
; Ignore CASCADE Buffers                                                     ; Off                ; Off                ;
; Ignore GLOBAL Buffers                                                      ; Off                ; Off                ;
; Ignore ROW GLOBAL Buffers                                                  ; Off                ; Off                ;
; Ignore LCELL Buffers                                                       ; Off                ; Off                ;
; Ignore SOFT Buffers                                                        ; On                 ; On                 ;
; Limit AHDL Integers to 32 Bits                                             ; Off                ; Off                ;
; Optimization Technique                                                     ; Balanced           ; Balanced           ;
; Carry Chain Length                                                         ; 70                 ; 70                 ;
; Auto Carry Chains                                                          ; On                 ; On                 ;
; Auto Open-Drain Pins                                                       ; On                 ; On                 ;
; Perform WYSIWYG Primitive Resynthesis                                      ; Off                ; Off                ;
; Auto ROM Replacement                                                       ; On                 ; On                 ;
; Auto RAM Replacement                                                       ; On                 ; On                 ;
; Auto DSP Block Replacement                                                 ; On                 ; On                 ;
; Auto Shift Register Replacement                                            ; Auto               ; Auto               ;
; Allow Shift Register Merging across Hierarchies                            ; Auto               ; Auto               ;
; Auto Clock Enable Replacement                                              ; On                 ; On                 ;
; Strict RAM Replacement                                                     ; Off                ; Off                ;
; Allow Synchronous Control Signals                                          ; On                 ; On                 ;
; Force Use of Synchronous Clear Signals                                     ; Off                ; Off                ;
; Auto RAM Block Balancing                                                   ; On                 ; On                 ;
; Auto RAM to Logic Cell Conversion                                          ; Off                ; Off                ;
; Auto Resource Sharing                                                      ; Off                ; Off                ;
; Allow Any RAM Size For Recognition                                         ; Off                ; Off                ;
; Allow Any ROM Size For Recognition                                         ; Off                ; Off                ;
; Allow Any Shift Register Size For Recognition                              ; Off                ; Off                ;
; Use LogicLock Constraints during Resource Balancing                        ; On                 ; On                 ;
; Ignore translate_off and synthesis_off directives                          ; Off                ; Off                ;
; Timing-Driven Synthesis                                                    ; On                 ; On                 ;
; Report Parameter Settings                                                  ; On                 ; On                 ;
; Report Source Assignments                                                  ; On                 ; On                 ;
; Report Connectivity Checks                                                 ; On                 ; On                 ;
; Ignore Maximum Fan-Out Assignments                                         ; Off                ; Off                ;
; Synchronization Register Chain Length                                      ; 2                  ; 2                  ;
; PowerPlay Power Optimization                                               ; Normal compilation ; Normal compilation ;
; HDL message level                                                          ; Level2             ; Level2             ;
; Suppress Register Optimization Related Messages                            ; Off                ; Off                ;
; Number of Removed Registers Reported in Synthesis Report                   ; 5000               ; 5000               ;
; Number of Swept Nodes Reported in Synthesis Report                         ; 5000               ; 5000               ;
; Number of Inverted Registers Reported in Synthesis Report                  ; 100                ; 100                ;
; Clock MUX Protection                                                       ; On                 ; On                 ;
; Auto Gated Clock Conversion                                                ; Off                ; Off                ;
; Block Design Naming                                                        ; Auto               ; Auto               ;
; SDC constraint protection                                                  ; Off                ; Off                ;
; Synthesis Effort                                                           ; Auto               ; Auto               ;
; Shift Register Replacement - Allow Asynchronous Clear Signal               ; On                 ; On                 ;
; Pre-Mapping Resynthesis Optimization                                       ; Off                ; Off                ;
; Analysis & Synthesis Message Level                                         ; Medium             ; Medium             ;
; Disable Register Merging Across Hierarchies                                ; Auto               ; Auto               ;
; Resource Aware Inference For Block RAM                                     ; On                 ; On                 ;
; Synthesis Seed                                                             ; 1                  ; 1                  ;
+----------------------------------------------------------------------------+--------------------+--------------------+


Parallel compilation was disabled, but you have multiple processors available. Enable parallel compilation to reduce compilation time.
+-------------------------------------+
; Parallel Compilation                ;
+----------------------------+--------+
; Processors                 ; Number ;
+----------------------------+--------+
; Number detected on machine ; 4      ;
; Maximum allowed            ; 1      ;
+----------------------------+--------+


+-------------------------------------------------------------------------------------------------------------------------------------------------------------------------------------------------------------+
; Analysis & Synthesis Source Files Read                                                                                                                                                                      ;
+----------------------------------+-----------------+------------------------+---------------------------------------------------------------------------------------------------------------------+---------+
; File Name with User-Entered Path ; Used in Netlist ; File Type              ; File Name with Absolute Path                                                                                        ; Library ;
+----------------------------------+-----------------+------------------------+---------------------------------------------------------------------------------------------------------------------+---------+
; project01.v                      ; yes             ; User Verilog HDL File  ; C:/Users/Espanyol/Desktop/GitReposityoy/331_Computer_Organization/Hw1/VerilogPart/111044014_restored/project01.v    ;         ;
; Mux4to1_5.v                      ; yes             ; User Verilog HDL File  ; C:/Users/Espanyol/Desktop/GitReposityoy/331_Computer_Organization/Hw1/VerilogPart/111044014_restored/Mux4to1_5.v    ;         ;
; Mux2to1_5.v                      ; yes             ; User Verilog HDL File  ; C:/Users/Espanyol/Desktop/GitReposityoy/331_Computer_Organization/Hw1/VerilogPart/111044014_restored/Mux2to1_5.v    ;         ;
; Mux2to1.v                        ; yes             ; User Verilog HDL File  ; C:/Users/Espanyol/Desktop/GitReposityoy/331_Computer_Organization/Hw1/VerilogPart/111044014_restored/Mux2to1.v      ;         ;
; HalfAdder.v                      ; yes             ; User Verilog HDL File  ; C:/Users/Espanyol/Desktop/GitReposityoy/331_Computer_Organization/Hw1/VerilogPart/111044014_restored/HalfAdder.v    ;         ;
; FullAdder.v                      ; yes             ; User Verilog HDL File  ; C:/Users/Espanyol/Desktop/GitReposityoy/331_Computer_Organization/Hw1/VerilogPart/111044014_restored/FullAdder.v    ;         ;
; FivebitXor.v                     ; yes             ; User Verilog HDL File  ; C:/Users/Espanyol/Desktop/GitReposityoy/331_Computer_Organization/Hw1/VerilogPart/111044014_restored/FivebitXor.v   ;         ;
; FivebitOr.v                      ; yes             ; User Verilog HDL File  ; C:/Users/Espanyol/Desktop/GitReposityoy/331_Computer_Organization/Hw1/VerilogPart/111044014_restored/FivebitOr.v    ;         ;
; FivebitAnd.v                     ; yes             ; User Verilog HDL File  ; C:/Users/Espanyol/Desktop/GitReposityoy/331_Computer_Organization/Hw1/VerilogPart/111044014_restored/FivebitAnd.v   ;         ;
; FiveBitAdder.v                   ; yes             ; User Verilog HDL File  ; C:/Users/Espanyol/Desktop/GitReposityoy/331_Computer_Organization/Hw1/VerilogPart/111044014_restored/FiveBitAdder.v ;         ;
+----------------------------------+-----------------+------------------------+---------------------------------------------------------------------------------------------------------------------+---------+


+----------------------------------------------------------+
; Analysis & Synthesis Resource Usage Summary              ;
+---------------------------------------------+------------+
; Resource                                    ; Usage      ;
+---------------------------------------------+------------+
; Estimated Total logic elements              ; 12         ;
;                                             ;            ;
; Total combinational functions               ; 12         ;
; Logic element usage by number of LUT inputs ;            ;
;     -- 4 input functions                    ; 7          ;
;     -- 3 input functions                    ; 5          ;
;     -- <=2 input functions                  ; 0          ;
;                                             ;            ;
; Logic elements by mode                      ;            ;
;     -- normal mode                          ; 12         ;
;     -- arithmetic mode                      ; 0          ;
;                                             ;            ;
; Total registers                             ; 0          ;
;     -- Dedicated logic registers            ; 0          ;
;     -- I/O registers                        ; 0          ;
;                                             ;            ;
; I/O pins                                    ; 17         ;
; Embedded Multiplier 9-bit elements          ; 0          ;
; Maximum fan-out node                        ; S[0]~input ;
; Maximum fan-out                             ; 9          ;
; Total fan-out                               ; 65         ;
; Average fan-out                             ; 1.41       ;
+---------------------------------------------+------------+


+----------------------------------------------------------------------------------------------------------------------------------------------------------------------------------------------------------+
; Analysis & Synthesis Resource Utilization by Entity                                                                                                                                                      ;
+----------------------------+-------------------+--------------+-------------+--------------+---------+-----------+------+--------------+--------------------------------------------------+--------------+
; Compilation Hierarchy Node ; LC Combinationals ; LC Registers ; Memory Bits ; DSP Elements ; DSP 9x9 ; DSP 18x18 ; Pins ; Virtual Pins ; Full Hierarchy Name                              ; Library Name ;
+----------------------------+-------------------+--------------+-------------+--------------+---------+-----------+------+--------------+--------------------------------------------------+--------------+
; |project01                 ; 12 (0)            ; 0 (0)        ; 0           ; 0            ; 0       ; 0         ; 17   ; 0            ; |project01                                       ; work         ;
;    |FiveBitAdder:adder|    ; 2 (0)             ; 0 (0)        ; 0           ; 0            ; 0       ; 0         ; 0    ; 0            ; |project01|FiveBitAdder:adder                    ; work         ;
;       |FullAdder:a2|       ; 1 (1)             ; 0 (0)        ; 0           ; 0            ; 0       ; 0         ; 0    ; 0            ; |project01|FiveBitAdder:adder|FullAdder:a2       ; work         ;
;       |FullAdder:a3|       ; 1 (1)             ; 0 (0)        ; 0           ; 0            ; 0       ; 0         ; 0    ; 0            ; |project01|FiveBitAdder:adder|FullAdder:a3       ; work         ;
;    |Mux4to1_5:mf|          ; 10 (0)            ; 0 (0)        ; 0           ; 0            ; 0       ; 0         ; 0    ; 0            ; |project01|Mux4to1_5:mf                          ; work         ;
;       |Mux2to1_5:m3|       ; 10 (0)            ; 0 (0)        ; 0           ; 0            ; 0       ; 0         ; 0    ; 0            ; |project01|Mux4to1_5:mf|Mux2to1_5:m3             ; work         ;
;          |Mux2to1:m00|     ; 1 (1)             ; 0 (0)        ; 0           ; 0            ; 0       ; 0         ; 0    ; 0            ; |project01|Mux4to1_5:mf|Mux2to1_5:m3|Mux2to1:m00 ; work         ;
;          |Mux2to1:m01|     ; 2 (2)             ; 0 (0)        ; 0           ; 0            ; 0       ; 0         ; 0    ; 0            ; |project01|Mux4to1_5:mf|Mux2to1_5:m3|Mux2to1:m01 ; work         ;
;          |Mux2to1:m02|     ; 2 (2)             ; 0 (0)        ; 0           ; 0            ; 0       ; 0         ; 0    ; 0            ; |project01|Mux4to1_5:mf|Mux2to1_5:m3|Mux2to1:m02 ; work         ;
;          |Mux2to1:m03|     ; 2 (2)             ; 0 (0)        ; 0           ; 0            ; 0       ; 0         ; 0    ; 0            ; |project01|Mux4to1_5:mf|Mux2to1_5:m3|Mux2to1:m03 ; work         ;
;          |Mux2to1:m04|     ; 3 (3)             ; 0 (0)        ; 0           ; 0            ; 0       ; 0         ; 0    ; 0            ; |project01|Mux4to1_5:mf|Mux2to1_5:m3|Mux2to1:m04 ; work         ;
+----------------------------+-------------------+--------------+-------------+--------------+---------+-----------+------+--------------+--------------------------------------------------+--------------+
Note: For table entries with two numbers listed, the numbers in parentheses indicate the number of resources of the given type used by the specific entity alone. The numbers listed outside of parentheses indicate the total resources of the given type used by the specific entity and all of its sub-entities in the hierarchy.


+------------------------------------------------------+
; General Register Statistics                          ;
+----------------------------------------------+-------+
; Statistic                                    ; Value ;
+----------------------------------------------+-------+
; Total registers                              ; 0     ;
; Number of registers using Synchronous Clear  ; 0     ;
; Number of registers using Synchronous Load   ; 0     ;
; Number of registers using Asynchronous Clear ; 0     ;
; Number of registers using Asynchronous Load  ; 0     ;
; Number of registers using Clock Enable       ; 0     ;
; Number of registers using Preset             ; 0     ;
+----------------------------------------------+-------+


+--------------------------------------------------------------------------------------------------------------------------------------------------------------------+
; Multiplexer Restructuring Statistics (Restructuring Performed)                                                                                                     ;
+--------------------+-----------+---------------+----------------------+------------------------+------------+------------------------------------------------------+
; Multiplexer Inputs ; Bus Width ; Baseline Area ; Area if Restructured ; Saving if Restructured ; Registered ; Example Multiplexer Output                           ;
+--------------------+-----------+---------------+----------------------+------------------------+------------+------------------------------------------------------+
; 4:1                ; 4 bits    ; 8 LEs         ; 8 LEs                ; 0 LEs                  ; No         ; |project01|Mux4to1_5:mf|Mux2to1_5:m3|Mux2to1:m01|out ;
+--------------------+-----------+---------------+----------------------+------------------------+------------+------------------------------------------------------+


+----------------------------------------------------------------------------------------------------------------+
; Port Connectivity Checks: "FiveBitAdder:adder|FullAdder:a5"                                                    ;
+------+--------+----------+-------------------------------------------------------------------------------------+
; Port ; Type   ; Severity ; Details                                                                             ;
+------+--------+----------+-------------------------------------------------------------------------------------+
; cOut ; Output ; Info     ; Connected to dangling logic. Logic that only feeds a dangling port will be removed. ;
+------+--------+----------+-------------------------------------------------------------------------------------+


+-----------------------------------------------------------------------------------------------------------------------------------------------------------------------------------------------------------------+
; Port Connectivity Checks: "FiveBitAdder:adder"                                                                                                                                                                  ;
+---------+-------+----------+------------------------------------------------------------------------------------------------------------------------------------------------------------------------------------+
; Port    ; Type  ; Severity ; Details                                                                                                                                                                            ;
+---------+-------+----------+------------------------------------------------------------------------------------------------------------------------------------------------------------------------------------+
; cIn     ; Input ; Warning  ; Input port expression (32 bits) is wider than the input port (1 bits) it drives.  The 31 most-significant bit(s) in the expression will be dangling if they have no other fanouts. ;
; cIn[-1] ; Input ; Info     ; Stuck at GND                                                                                                                                                                       ;
+---------+-------+----------+------------------------------------------------------------------------------------------------------------------------------------------------------------------------------------+


+-------------------------------+
; Elapsed Time Per Partition    ;
+----------------+--------------+
; Partition Name ; Elapsed Time ;
+----------------+--------------+
; Top            ; 00:00:00     ;
+----------------+--------------+


+-------------------------------+
; Analysis & Synthesis Messages ;
+-------------------------------+
Info: *******************************************************************
Info: Running Quartus II 64-Bit Analysis & Synthesis
    Info: Version 13.1.0 Build 162 10/23/2013 SJ Web Edition
    Info: Processing started: Mon Oct 23 14:08:00 2017
Info: Command: quartus_map --read_settings_files=on --write_settings_files=off 111044014 -c 111044014
Warning (20028): Parallel compilation is not licensed and has been disabled
Info (12021): Found 1 design units, including 1 entities, in source file project01_testbench.v
    Info (12023): Found entity 1: project01_Testbench
Info (12021): Found 1 design units, including 1 entities, in source file project01.v
    Info (12023): Found entity 1: project01
Info (12021): Found 1 design units, including 1 entities, in source file mux4to1_5.v
    Info (12023): Found entity 1: Mux4to1_5
Info (12021): Found 1 design units, including 1 entities, in source file mux2to1_5.v
    Info (12023): Found entity 1: Mux2to1_5
Info (12021): Found 1 design units, including 1 entities, in source file mux2to1.v
    Info (12023): Found entity 1: Mux2to1
Info (12021): Found 1 design units, including 1 entities, in source file halfadder.v
    Info (12023): Found entity 1: HalfAdder
Info (12021): Found 1 design units, including 1 entities, in source file fulladder.v
    Info (12023): Found entity 1: FullAdder
Info (12021): Found 1 design units, including 1 entities, in source file fivebitxor.v
    Info (12023): Found entity 1: FivebitXor
Info (12021): Found 1 design units, including 1 entities, in source file fivebitor.v
    Info (12023): Found entity 1: Fivebitor
Info (12021): Found 1 design units, including 1 entities, in source file fivebitand.v
    Info (12023): Found entity 1: FivebitAnd
Info (12021): Found 1 design units, including 1 entities, in source file fivebitadder.v
    Info (12023): Found entity 1: FiveBitAdder
Info (12127): Elaborating entity "project01" for the top level hierarchy
Info (12128): Elaborating entity "FiveBitAdder" for hierarchy "FiveBitAdder:adder"
Info (12128): Elaborating entity "FullAdder" for hierarchy "FiveBitAdder:adder|FullAdder:a1"
Info (12128): Elaborating entity "HalfAdder" for hierarchy "FiveBitAdder:adder|FullAdder:a1|HalfAdder:ha1"
Info (12128): Elaborating entity "FivebitXor" for hierarchy "FivebitXor:xorer"
Info (12128): Elaborating entity "FivebitAnd" for hierarchy "FivebitAnd:andorer"
Info (12128): Elaborating entity "Fivebitor" for hierarchy "Fivebitor:orar"
Info (12128): Elaborating entity "Mux4to1_5" for hierarchy "Mux4to1_5:mf"
Info (12128): Elaborating entity "Mux2to1_5" for hierarchy "Mux4to1_5:mf|Mux2to1_5:m1"
Info (12128): Elaborating entity "Mux2to1" for hierarchy "Mux4to1_5:mf|Mux2to1_5:m1|Mux2to1:m00"
Warning (12241): 1 hierarchies have connectivity warnings - see the Connectivity Checks report folder
Info (286030): Timing-Driven Synthesis is running
Info (16010): Generating hard_block partition "hard_block:auto_generated_inst"
    Info (16011): Adding 0 node(s), including 0 DDIO, 0 PLL, 0 transceiver and 0 LCELL
Info (21057): Implemented 29 device resources after synthesis - the final resource count might be different
    Info (21058): Implemented 12 input pins
    Info (21059): Implemented 5 output pins
    Info (21061): Implemented 12 logic cells
Info: Quartus II 64-Bit Analysis & Synthesis was successful. 0 errors, 2 warnings
    Info: Peak virtual memory: 547 megabytes
    Info: Processing ended: Mon Oct 23 14:08:02 2017
    Info: Elapsed time: 00:00:02
    Info: Total CPU time (on all processors): 00:00:02


