Restore Archived Project report for RtypeSingleCycle
Sat Nov 18 15:17:51 2017
Quartus II 64-Bit Version 13.1.0 Build 162 10/23/2013 SJ Web Edition


---------------------
; Table of Contents ;
---------------------
  1. Legal Notice
  2. Restore Archived Project Summary
  3. Restore Archived Project Messages
  4. Files Restored
  5. Files Not Restored



----------------
; Legal Notice ;
----------------
Copyright (C) 1991-2013 Altera Corporation
Your use of Altera Corporation's design tools, logic functions 
and other software and tools, and its AMPP partner logic 
functions, and any output files from any of the foregoing 
(including device programming or simulation files), and any 
associated documentation or information are expressly subject 
to the terms and conditions of the Altera Program License 
Subscription Agreement, Altera MegaCore Function License 
Agreement, or other applicable license agreement, including, 
without limitation, that your use is for the sole purpose of 
programming logic devices manufactured by Altera and sold by 
Altera or its authorized distributors.  Please refer to the 
applicable agreement for further details.



+-------------------------------------------------------------------------+
; Restore Archived Project Summary                                        ;
+---------------------------------+---------------------------------------+
; Restore Archived Project Status ; Successful - Sat Nov 18 15:17:51 2017 ;
; Revision Name                   ; RtypeSingleCycle                      ;
; Top-level Entity Name           ; Tmips_registers                       ;
; Family                          ; Cyclone III                           ;
+---------------------------------+---------------------------------------+


+-----------------------------------+
; Restore Archived Project Messages ;
+-----------------------------------+
Info: Successfully restored 'D:/2017-2018/Organizasyon/Projects/331_Computer_Organization/Hw2/RtypeSingleCycle_tmp_archive.qar' into the 'D:/2017-2018/Organizasyon/Projects/331_Computer_Organization/Hw2/Upload' directory
Info: Generated report 'RtypeSingleCycle.restore.rpt'


+-------------------------------------------------------------+
; Files Restored                                              ;
+-------------------------------------------------------------+
; File Name                                                   ;
+-------------------------------------------------------------+
; ALUModul.v                                                  ;
; ALU_testbench.v                                             ;
; Adder_32Bit.v                                               ;
; FullAdder.v                                                 ;
; HalfAdder.v                                                 ;
; RtypeSingleCycle.qpf                                        ;
; RtypeSingleCycle.qsf                                        ;
; Rtype_testbench.v                                           ;
; Rtype_testbench2.v                                          ;
; Substract_32Bit.v                                           ;
; Tmips_registers.v                                           ;
; db/RtypeSingleCycle.db_info                                 ;
; incremental_db/compiled_partitions/RtypeSingleCycle.db_info ;
; mips_core.v                                                 ;
; mips_registers.v                                            ;
; mips_testbench.v                                            ;
; reg.txt                                                     ;
; assignment_defaults.qdf                                     ;
+-------------------------------------------------------------+


+--------------------+
; Files Not Restored ;
+--------------------+
; File Name          ;
+--------------------+


